
C:\Users\E-Lab Staff\Documents\Visual Studio 2010\Projects\2019csc046\New folder\New2023>git add .

C:\Users\E-Lab Staff\Documents\Visual Studio 2010\Projects\2019csc046\New folder\New2023>git push
Everything up-to-date

C:\Users\E-Lab Staff\Documents\Visual Studio 2010\Projects\2019csc046\New folder\New2023>git init
Reinitialized existing Git repository in C:/Users/E-Lab Staff/Documents/Visual Studio 2010/Projects/2019csc046/New folder/New2023/.git/

C:\Users\E-Lab Staff\Documents\Visual Studio 2010\Projects\2019csc046\New folder\New2023>git push
Everything up-to-date

C:\Users\E-Lab Staff\Documents\Visual Studio 2010\Projects\2019csc046\New folder\New2023>git push
Everything up-to-date

C:\Users\E-Lab Staff\Documents\Visual Studio 2010\Projects\2019csc046\New folder\New2023>git push
Everything up-to-date

C:\Users\E-Lab Staff\Documents\Visual Studio 2010\Projects\2019csc046\New folder\New2023>git status
On branch main
Your branch is up to date with 'origin/main'.

Changes to be committed:
  (use "git restore --staged <file>..." to unstage)
        modified:   README.md

Changes not staged for commit:
  (use "git add <file>..." to update what will be committed)
  (use "git restore <file>..." to discard changes in working directory)
        modified:   README.md

Untracked files:
  (use "git add <file>..." to include in what will be committed)
        sum.java


C:\Users\E-Lab Staff\Documents\Visual Studio 2010\Projects\2019csc046\New folder\New2023>git add .

C:\Users\E-Lab Staff\Documents\Visual Studio 2010\Projects\2019csc046\New folder\New2023>git status
On branch main
Your branch is up to date with 'origin/main'.

Changes to be committed:
  (use "git restore --staged <file>..." to unstage)
        modified:   README.md
        new file:   sum.java


C:\Users\E-Lab Staff\Documents\Visual Studio 2010\Projects\2019csc046\New folder\New2023>git commit -m "files added"
[main fd757ed] files added
 2 files changed, 8 insertions(+), 1 deletion(-)
 create mode 100644 sum.java

C:\Users\E-Lab Staff\Documents\Visual Studio 2010\Projects\2019csc046\New folder\New2023>git push
Enumerating objects: 6, done.
Counting objects: 100% (6/6), done.
Delta compression using up to 6 threads
Compressing objects: 100% (3/3), done.
Writing objects: 100% (4/4), 402 bytes | 402.00 KiB/s, done.
Total 4 (delta 0), reused 0 (delta 0), pack-reused 0
To https://github.com/Sumanraj-10/New2023.git
   d8edcc4..fd757ed  main -> main

C:\Users\E-Lab Staff\Documents\Visual Studio 2010\Projects\2019csc046\New folder\New2023>git status
On branch main
Your branch is up to date with 'origin/main'.

nothing to commit, working tree clean

C:\Users\E-Lab Staff\Documents\Visual Studio 2010\Projects\2019csc046\New folder\New2023>git pull
remote: Enumerating objects: 5, done.
remote: Counting objects: 100% (5/5), done.
remote: Compressing objects: 100% (3/3), done.
remote: Total 3 (delta 1), reused 0 (delta 0), pack-reused 0
Unpacking objects: 100% (3/3), 708 bytes | 7.00 KiB/s, done.
From https://github.com/Sumanraj-10/New2023
   fd757ed..7bab661  main       -> origin/main
Updating fd757ed..7bab661
Fast-forward
 sum.java | 3 ++-
 1 file changed, 2 insertions(+), 1 deletion(-)

C:\Users\E-Lab Staff\Documents\Visual Studio 2010\Projects\2019csc046\New folder\New2023>git status
On branch main
Your branch is up to date with 'origin/main'.

Untracked files:
  (use "git add <file>..." to include in what will be committed)
        sum1.java

nothing added to commit but untracked files present (use "git add" to track)

C:\Users\E-Lab Staff\Documents\Visual Studio 2010\Projects\2019csc046\New folder\New2023>git add .

C:\Users\E-Lab Staff\Documents\Visual Studio 2010\Projects\2019csc046\New folder\New2023>git commit -m "sum1 added"
[main d7746c3] sum1 added
 1 file changed, 8 insertions(+)
 create mode 100644 sum1.java

C:\Users\E-Lab Staff\Documents\Visual Studio 2010\Projects\2019csc046\New folder\New2023>git push
Enumerating objects: 4, done.
Counting objects: 100% (4/4), done.
Delta compression using up to 6 threads
Compressing objects: 100% (3/3), done.
Writing objects: 100% (3/3), 423 bytes | 423.00 KiB/s, done.
Total 3 (delta 0), reused 0 (delta 0), pack-reused 0
To https://github.com/Sumanraj-10/New2023.git
   7bab661..d7746c3  main -> main

C:\Users\E-Lab Staff\Documents\Visual Studio 2010\Projects\2019csc046\New folder\New2023>git pull
remote: Enumerating objects: 5, done.
remote: Counting objects: 100% (5/5), done.
remote: Compressing objects: 100% (3/3), done.
remote: Total 3 (delta 2), reused 0 (delta 0), pack-reused 0
Unpacking objects: 100% (3/3), 679 bytes | 6.00 KiB/s, done.
From https://github.com/Sumanraj-10/New2023
   d7746c3..6cbc0ad  main       -> origin/main
error: Your local changes to the following files would be overwritten by merge:
        sum1.java
Please commit your changes or stash them before you merge.
Aborting
Updating d7746c3..6cbc0ad

C:\Users\E-Lab Staff\Documents\Visual Studio 2010\Projects\2019csc046\New folder\New2023>git status
On branch main
Your branch is behind 'origin/main' by 1 commit, and can be fast-forwarded.
  (use "git pull" to update your local branch)

Changes not staged for commit:
  (use "git add/rm <file>..." to update what will be committed)
  (use "git restore <file>..." to discard changes in working directory)
        deleted:    sum.java
        modified:   sum1.java

no changes added to commit (use "git add" and/or "git commit -a")

C:\Users\E-Lab Staff\Documents\Visual Studio 2010\Projects\2019csc046\New folder\New2023>git add .

C:\Users\E-Lab Staff\Documents\Visual Studio 2010\Projects\2019csc046\New folder\New2023>git status
On branch main
Your branch is behind 'origin/main' by 1 commit, and can be fast-forwarded.
  (use "git pull" to update your local branch)

Changes to be committed:
  (use "git restore --staged <file>..." to unstage)
        deleted:    sum.java
        modified:   sum1.java


C:\Users\E-Lab Staff\Documents\Visual Studio 2010\Projects\2019csc046\New folder\New2023>git commit -m "files add"
[main f7321ab] files add
 2 files changed, 1 insertion(+), 8 deletions(-)
 delete mode 100644 sum.java

C:\Users\E-Lab Staff\Documents\Visual Studio 2010\Projects\2019csc046\New folder\New2023>git push
To https://github.com/Sumanraj-10/New2023.git
 ! [rejected]        main -> main (non-fast-forward)
error: failed to push some refs to 'https://github.com/Sumanraj-10/New2023.git'
hint: Updates were rejected because the tip of your current branch is behind
hint: its remote counterpart. Integrate the remote changes (e.g.
hint: 'git pull ...') before pushing again.
hint: See the 'Note about fast-forwards' in 'git push --help' for details.

C:\Users\E-Lab Staff\Documents\Visual Studio 2010\Projects\2019csc046\New folder\New2023>git branch
* main

C:\Users\E-Lab Staff\Documents\Visual Studio 2010\Projects\2019csc046\New folder\New2023>git push
To https://github.com/Sumanraj-10/New2023.git
 ! [rejected]        main -> main (non-fast-forward)
error: failed to push some refs to 'https://github.com/Sumanraj-10/New2023.git'
hint: Updates were rejected because the tip of your current branch is behind
hint: its remote counterpart. Integrate the remote changes (e.g.
hint: 'git pull ...') before pushing again.
hint: See the 'Note about fast-forwards' in 'git push --help' for details.

C:\Users\E-Lab Staff\Documents\Visual Studio 2010\Projects\2019csc046\New folder\New2023>git push origin main
To https://github.com/Sumanraj-10/New2023.git
 ! [rejected]        main -> main (non-fast-forward)
error: failed to push some refs to 'https://github.com/Sumanraj-10/New2023.git'
hint: Updates were rejected because the tip of your current branch is behind
hint: its remote counterpart. Integrate the remote changes (e.g.
hint: 'git pull ...') before pushing again.
hint: See the 'Note about fast-forwards' in 'git push --help' for details.

C:\Users\E-Lab Staff\Documents\Visual Studio 2010\Projects\2019csc046\New folder\New2023>git status
On branch main
Your branch and 'origin/main' have diverged,
and have 1 and 1 different commits each, respectively.
  (use "git pull" to merge the remote branch into yours)

nothing to commit, working tree clean

C:\Users\E-Lab Staff\Documents\Visual Studio 2010\Projects\2019csc046\New folder\New2023>git pull
Auto-merging sum1.java
CONFLICT (content): Merge conflict in sum1.java
Automatic merge failed; fix conflicts and then commit the result.

C:\Users\E-Lab Staff\Documents\Visual Studio 2010\Projects\2019csc046\New folder\New2023>git commit -m "sum1 is added"
error: Committing is not possible because you have unmerged files.
hint: Fix them up in the work tree, and then use 'git add/rm <file>'
hint: as appropriate to mark resolution and make a commit.
fatal: Exiting because of an unresolved conflict.
U       sum1.java

C:\Users\E-Lab Staff\Documents\Visual Studio 2010\Projects\2019csc046\New folder\New2023>git pull
error: Pulling is not possible because you have unmerged files.
hint: Fix them up in the work tree, and then use 'git add/rm <file>'
hint: as appropriate to mark resolution and make a commit.
fatal: Exiting because of an unresolved conflict.

C:\Users\E-Lab Staff\Documents\Visual Studio 2010\Projects\2019csc046\New folder\New2023>git commit -m "sum1 is added"
error: Committing is not possible because you have unmerged files.
hint: Fix them up in the work tree, and then use 'git add/rm <file>'
hint: as appropriate to mark resolution and make a commit.
fatal: Exiting because of an unresolved conflict.
U       sum1.java

C:\Users\E-Lab Staff\Documents\Visual Studio 2010\Projects\2019csc046\New folder\New2023>git push
To https://github.com/Sumanraj-10/New2023.git
 ! [rejected]        main -> main (non-fast-forward)
error: failed to push some refs to 'https://github.com/Sumanraj-10/New2023.git'
hint: Updates were rejected because the tip of your current branch is behind
hint: its remote counterpart. Integrate the remote changes (e.g.
hint: 'git pull ...') before pushing again.
hint: See the 'Note about fast-forwards' in 'git push --help' for details.

C:\Users\E-Lab Staff\Documents\Visual Studio 2010\Projects\2019csc046\New folder\New2023>git status
On branch main
Your branch and 'origin/main' have diverged,
and have 1 and 1 different commits each, respectively.
  (use "git pull" to merge the remote branch into yours)

You have unmerged paths.
  (fix conflicts and run "git commit")
  (use "git merge --abort" to abort the merge)

Unmerged paths:
  (use "git add <file>..." to mark resolution)
        both modified:   sum1.java

no changes added to commit (use "git add" and/or "git commit -a")

C:\Users\E-Lab Staff\Documents\Visual Studio 2010\Projects\2019csc046\New folder\New2023>git add .

C:\Users\E-Lab Staff\Documents\Visual Studio 2010\Projects\2019csc046\New folder\New2023>git status
On branch main
Your branch and 'origin/main' have diverged,
and have 1 and 1 different commits each, respectively.
  (use "git pull" to merge the remote branch into yours)

All conflicts fixed but you are still merging.
  (use "git commit" to conclude merge)

Changes to be committed:
        modified:   sum1.java


C:\Users\E-Lab Staff\Documents\Visual Studio 2010\Projects\2019csc046\New folder\New2023>git commit -m "sum1 is added"
[main 36c774e] sum1 is added

C:\Users\E-Lab Staff\Documents\Visual Studio 2010\Projects\2019csc046\New folder\New2023>git pull
Already up to date.

C:\Users\E-Lab Staff\Documents\Visual Studio 2010\Projects\2019csc046\New folder\New2023>git push
Enumerating objects: 10, done.
Counting objects: 100% (10/10), done.
Delta compression using up to 6 threads
Compressing objects: 100% (6/6), done.
Writing objects: 100% (6/6), 601 bytes | 601.00 KiB/s, done.
Total 6 (delta 2), reused 0 (delta 0), pack-reused 0
remote: Resolving deltas: 100% (2/2), completed with 1 local object.
To https://github.com/Sumanraj-10/New2023.git
   6cbc0ad..36c774e  main -> main

C:\Users\E-Lab Staff\Documents\Visual Studio 2010\Projects\2019csc046\New folder\New2023>git pull
Already up to date.

C:\Users\E-Lab Staff\Documents\Visual Studio 2010\Projects\2019csc046\New folder\New2023>git pull
remote: Enumerating objects: 5, done.
remote: Counting objects: 100% (5/5), done.
remote: Compressing objects: 100% (3/3), done.
remote: Total 3 (delta 1), reused 0 (delta 0), pack-reused 0
Unpacking objects: 100% (3/3), 706 bytes | 6.00 KiB/s, done.
From https://github.com/Sumanraj-10/New2023
   36c774e..6c12618  main       -> origin/main
error: Your local changes to the following files would be overwritten by merge:
        sum1.java
Please commit your changes or stash them before you merge.
Aborting
Updating 36c774e..6c12618

C:\Users\E-Lab Staff\Documents\Visual Studio 2010\Projects\2019csc046\New folder\New2023>git stash save
Saved working directory and index state WIP on main: 36c774e sum1 is added

C:\Users\E-Lab Staff\Documents\Visual Studio 2010\Projects\2019csc046\New folder\New2023>git stash list
stash@{0}: WIP on main: 36c774e sum1 is added

C:\Users\E-Lab Staff\Documents\Visual Studio 2010\Projects\2019csc046\New folder\New2023>git pull
Updating 36c774e..6c12618
Fast-forward
 sum1.java | 1 +
 1 file changed, 1 insertion(+)

C:\Users\E-Lab Staff\Documents\Visual Studio 2010\Projects\2019csc046\New folder\New2023>git stash pop stash@{0}
Auto-merging sum1.java
CONFLICT (content): Merge conflict in sum1.java
On branch main
Your branch is up to date with 'origin/main'.

Unmerged paths:
  (use "git restore --staged <file>..." to unstage)
  (use "git add <file>..." to mark resolution)
        both modified:   sum1.java

no changes added to commit (use "git add" and/or "git commit -a")
The stash entry is kept in case you need it again.

C:\Users\E-Lab Staff\Documents\Visual Studio 2010\Projects\2019csc046\New folder\New2023>git status
On branch main
Your branch is up to date with 'origin/main'.

Unmerged paths:
  (use "git restore --staged <file>..." to unstage)
  (use "git add <file>..." to mark resolution)
        both modified:   sum1.java

no changes added to commit (use "git add" and/or "git commit -a")

C:\Users\E-Lab Staff\Documents\Visual Studio 2010\Projects\2019csc046\New folder\New2023>git add .

C:\Users\E-Lab Staff\Documents\Visual Studio 2010\Projects\2019csc046\New folder\New2023>git commit -m "both files changed"
[main 6c4aa12] both files changed
 1 file changed, 3 insertions(+)

C:\Users\E-Lab Staff\Documents\Visual Studio 2010\Projects\2019csc046\New folder\New2023>git push
Enumerating objects: 5, done.
Counting objects: 100% (5/5), done.
Delta compression using up to 6 threads
Compressing objects: 100% (3/3), done.
Writing objects: 100% (3/3), 351 bytes | 175.00 KiB/s, done.
Total 3 (delta 1), reused 0 (delta 0), pack-reused 0
remote: Resolving deltas: 100% (1/1), completed with 1 local object.
To https://github.com/Sumanraj-10/New2023.git
   6c12618..6c4aa12  main -> main

C:\Users\E-Lab Staff\Documents\Visual Studio 2010\Projects\2019csc046\New folder\New2023>git status
On branch main
Your branch is up to date with 'origin/main'.

nothing to commit, working tree clean

C:\Users\E-Lab Staff\Documents\Visual Studio 2010\Projects\2019csc046\New folder\New2023>git pull
remote: Enumerating objects: 4, done.
remote: Counting objects: 100% (4/4), done.
remote: Compressing objects: 100% (3/3), done.
remote: Total 3 (delta 0), reused 0 (delta 0), pack-reused 0
Unpacking objects: 100% (3/3), 2.73 KiB | 26.00 KiB/s, done.
From https://github.com/Sumanraj-10/New2023
   6c4aa12..20508a1  main       -> origin/main
Updating 6c4aa12..20508a1
Fast-forward
 1_22221.txt | 346 ++++++++++++++++++++++++++++++++++++++++++++++++++++++++++++
 1 file changed, 346 insertions(+)
 create mode 100644 1_22221.txt

C:\Users\E-Lab Staff\Documents\Visual Studio 2010\Projects\2019csc046\New folder\New2023>git branch sub

C:\Users\E-Lab Staff\Documents\Visual Studio 2010\Projects\2019csc046\New folder\New2023>git branch
* main
  sub

C:\Users\E-Lab Staff\Documents\Visual Studio 2010\Projects\2019csc046\New folder\New2023>git commit -m "new branch sub"
On branch main
Your branch is up to date with 'origin/main'.

nothing to commit, working tree clean

C:\Users\E-Lab Staff\Documents\Visual Studio 2010\Projects\2019csc046\New folder\New2023>git checkout sub
Switched to branch 'sub'

C:\Users\E-Lab Staff\Documents\Visual Studio 2010\Projects\2019csc046\New folder\New2023>git add .

C:\Users\E-Lab Staff\Documents\Visual Studio 2010\Projects\2019csc046\New folder\New2023>git commit -m "change add in sub branch"
[sub 3d756dc] change add in sub branch
 1 file changed, 1 insertion(+)

C:\Users\E-Lab Staff\Documents\Visual Studio 2010\Projects\2019csc046\New folder\New2023>git checkout main
Switched to branch 'main'
Your branch is up to date with 'origin/main'.

C:\Users\E-Lab Staff\Documents\Visual Studio 2010\Projects\2019csc046\New folder\New2023>git checkout sub
Switched to branch 'sub'

C:\Users\E-Lab Staff\Documents\Visual Studio 2010\Projects\2019csc046\New folder\New2023>git branch
  main
* sub

C:\Users\E-Lab Staff\Documents\Visual Studio 2010\Projects\2019csc046\New folder\New2023>git checkout main
Switched to branch 'main'
Your branch is up to date with 'origin/main'.

C:\Users\E-Lab Staff\Documents\Visual Studio 2010\Projects\2019csc046\New folder\New2023>git merge sub
Updating 20508a1..3d756dc
Fast-forward
 sum1.java | 1 +
 1 file changed, 1 insertion(+)

C:\Users\E-Lab Staff\Documents\Visual Studio 2010\Projects\2019csc046\New folder\New2023>git push
Enumerating objects: 5, done.
Counting objects: 100% (5/5), done.
Delta compression using up to 6 threads
Compressing objects: 100% (3/3), done.
Writing objects: 100% (3/3), 325 bytes | 325.00 KiB/s, done.
Total 3 (delta 2), reused 0 (delta 0), pack-reused 0
remote: Resolving deltas: 100% (2/2), completed with 2 local objects.
To https://github.com/Sumanraj-10/New2023.git
   20508a1..3d756dc  main -> main

